<!doctype html>

<div class="box box_mod">

</div>
